Windows PowerShell
Copyright (C) Microsoft Corporation. All rights reserved.

PS U:\> cd d:\TEMP\OTUS\my-hw3\
PS D:\TEMP\OTUS\my-hw3> vagrant up
Bringing machine 'lvm' up with 'virtualbox' provider...
==> lvm: Importing base box 'centos/7'...
==> lvm: Matching MAC address for NAT networking...
==> lvm: Checking if box 'centos/7' version '1804.02' is up to date...
==> lvm: Setting the name of the VM: my-hw3_lvm_1644600060420_96106
==> lvm: Clearing any previously set network interfaces...
==> lvm: Preparing network interfaces based on configuration...
    lvm: Adapter 1: nat
    lvm: Adapter 2: hostonly
==> lvm: Forwarding ports...
    lvm: 22 (guest) => 2222 (host) (adapter 1)
==> lvm: Running 'pre-boot' VM customizations...
==> lvm: Booting VM...
==> lvm: Waiting for machine to boot. This may take a few minutes...
    lvm: SSH address: 127.0.0.1:2222
    lvm: SSH username: vagrant
    lvm: SSH auth method: private key
    lvm: Warning: Connection reset. Retrying...
    lvm: Warning: Connection aborted. Retrying...
    lvm: Warning: Remote connection disconnect. Retrying...
    lvm: Warning: Connection reset. Retrying...
    lvm: Warning: Connection aborted. Retrying...
    lvm: Warning: Remote connection disconnect. Retrying...
    lvm: Warning: Connection reset. Retrying...
    lvm: Warning: Connection aborted. Retrying...
    lvm:
    lvm: Vagrant insecure key detected. Vagrant will automatically replace
    lvm: this with a newly generated keypair for better security.
    lvm:
    lvm: Inserting generated public key within guest...
    lvm: Removing insecure key from the guest if it's present...
    lvm: Key inserted! Disconnecting and reconnecting using new SSH key...
==> lvm: Machine booted and ready!
==> lvm: Checking for guest additions in VM...
    lvm: No guest additions were detected on the base box for this VM! Guest
    lvm: additions are required for forwarded ports, shared folders, host only
    lvm: networking, and more. If SSH fails on this machine, please install
    lvm: the guest additions and repackage the box to continue.
    lvm:
    lvm: This is not an error message; everything may continue to work properly,
    lvm: in which case you may ignore this message.
==> lvm: Setting hostname...
==> lvm: Configuring and enabling network interfaces...
==> lvm: Rsyncing folder: /cygdrive/d/TEMP/OTUS/my-hw3/ => /vagrant
==> lvm: Running provisioner: shell...
    lvm: Running: inline script
    lvm: Loaded plugins: fastestmirror
    lvm: Determining fastest mirrors
    lvm:  * base: mirror.karneval.cz
    lvm:  * extras: mirror.karneval.cz
    lvm:  * updates: mirror.karneval.cz
    lvm: Resolving Dependencies
    lvm: --> Running transaction check
    lvm: ---> Package gdisk.x86_64 0:0.8.10-3.el7 will be installed
    lvm: ---> Package hdparm.x86_64 0:9.43-5.el7 will be installed
    lvm: ---> Package mdadm.x86_64 0:4.1-8.el7_9 will be installed
    lvm: --> Processing Dependency: libreport-filesystem for package: mdadm-4.1-8.el7_9.x86_64
    lvm: ---> Package smartmontools.x86_64 1:7.0-2.el7 will be installed
    lvm: --> Processing Dependency: mailx for package: 1:smartmontools-7.0-2.el7.x86_64
    lvm: ---> Package xfsdump.x86_64 0:3.1.7-1.el7 will be installed
    lvm: --> Processing Dependency: attr >= 2.0.0 for package: xfsdump-3.1.7-1.el7.x86_64
    lvm: --> Running transaction check
    lvm: ---> Package attr.x86_64 0:2.4.46-13.el7 will be installed
    lvm: ---> Package libreport-filesystem.x86_64 0:2.1.11-53.el7.centos will be installed
    lvm: ---> Package mailx.x86_64 0:12.5-19.el7 will be installed
    lvm: --> Finished Dependency Resolution
    lvm:
    lvm: Dependencies Resolved
    lvm:
    lvm: ================================================================================
    lvm:  Package                  Arch       Version                  Repository   Size
    lvm: ================================================================================
    lvm: Installing:
    lvm:  gdisk                    x86_64     0.8.10-3.el7             base        190 k
    lvm:  hdparm                   x86_64     9.43-5.el7               base         83 k
    lvm:  mdadm                    x86_64     4.1-8.el7_9              updates     440 k
    lvm:  smartmontools            x86_64     1:7.0-2.el7              base        546 k
    lvm:  xfsdump                  x86_64     3.1.7-1.el7              base        308 k
    lvm: Installing for dependencies:
    lvm:  attr                     x86_64     2.4.46-13.el7            base         66 k
    lvm:  libreport-filesystem     x86_64     2.1.11-53.el7.centos     base         41 k
    lvm:  mailx                    x86_64     12.5-19.el7              base        245 k
    lvm:
    lvm: Transaction Summary
    lvm: ================================================================================
    lvm: Install  5 Packages (+3 Dependent packages)
    lvm:
    lvm: Total download size: 1.9 M
    lvm: Installed size: 5.3 M
    lvm: Downloading packages:
    lvm: Public key for hdparm-9.43-5.el7.x86_64.rpm is not installed
    lvm: warning: /var/cache/yum/x86_64/7/base/packages/hdparm-9.43-5.el7.x86_64.rpm: Header V3 RSA/SHA256 Signature, key ID f4a80eb5: NOKEY
    lvm: Public key for mdadm-4.1-8.el7_9.x86_64.rpm is not installed
    lvm: --------------------------------------------------------------------------------
    lvm: Total                                              1.3 MB/s | 1.9 MB  00:01
    lvm: Retrieving key from file:///etc/pki/rpm-gpg/RPM-GPG-KEY-CentOS-7
    lvm: Importing GPG key 0xF4A80EB5:
    lvm:  Userid     : "CentOS-7 Key (CentOS 7 Official Signing Key) <security@centos.org>"
    lvm:  Fingerprint: 6341 ab27 53d7 8a78 a7c2 7bb1 24c6 a8a7 f4a8 0eb5
    lvm:  Package    : centos-release-7-5.1804.el7.centos.x86_64 (@anaconda)
    lvm:  From       : /etc/pki/rpm-gpg/RPM-GPG-KEY-CentOS-7
    lvm: Running transaction check
    lvm: Running transaction test
    lvm: Transaction test succeeded
    lvm: Running transaction
    lvm:   Installing : libreport-filesystem-2.1.11-53.el7.centos.x86_64             1/8
    lvm:   Installing : mailx-12.5-19.el7.x86_64                                     2/8
    lvm:   Installing : attr-2.4.46-13.el7.x86_64                                    3/8
    lvm:   Installing : xfsdump-3.1.7-1.el7.x86_64                                   4/8
    lvm:   Installing : 1:smartmontools-7.0-2.el7.x86_64                             5/8
    lvm:   Installing : mdadm-4.1-8.el7_9.x86_64                                     6/8
    lvm:   Installing : hdparm-9.43-5.el7.x86_64                                     7/8
    lvm:   Installing : gdisk-0.8.10-3.el7.x86_64                                    8/8
    lvm:   Verifying  : 1:smartmontools-7.0-2.el7.x86_64                             1/8
    lvm:   Verifying  : xfsdump-3.1.7-1.el7.x86_64                                   2/8
    lvm:   Verifying  : mdadm-4.1-8.el7_9.x86_64                                     3/8
    lvm:   Verifying  : gdisk-0.8.10-3.el7.x86_64                                    4/8
    lvm:   Verifying  : attr-2.4.46-13.el7.x86_64                                    5/8
    lvm:   Verifying  : mailx-12.5-19.el7.x86_64                                     6/8
    lvm:   Verifying  : hdparm-9.43-5.el7.x86_64                                     7/8
    lvm:   Verifying  : libreport-filesystem-2.1.11-53.el7.centos.x86_64             8/8
    lvm:
    lvm: Installed:
    lvm:   gdisk.x86_64 0:0.8.10-3.el7          hdparm.x86_64 0:9.43-5.el7
    lvm:   mdadm.x86_64 0:4.1-8.el7_9           smartmontools.x86_64 1:7.0-2.el7
    lvm:   xfsdump.x86_64 0:3.1.7-1.el7
    lvm:
    lvm: Dependency Installed:
    lvm:   attr.x86_64 0:2.4.46-13.el7
    lvm:   libreport-filesystem.x86_64 0:2.1.11-53.el7.centos
    lvm:   mailx.x86_64 0:12.5-19.el7
    lvm:
    lvm: Complete!
PS D:\TEMP\OTUS\my-hw3> vagrant ssh
[vagrant@lvm ~]$ sudo -i
[root@lvm ~]# pvcreate /dev/sdb
  Physical volume "/dev/sdb" successfully created.
[root@lvm ~]# vgcreate vg_root /dev/sdb
  Volume group "vg_root" successfully created
[root@lvm ~]# lvcreate -n lv_root -l +100%FREE /dev/vg_root
  Logical volume "lv_root" created.
[root@lvm ~]# mkfs.xfs /dev/vg_root/lv_root
meta-data=/dev/vg_root/lv_root   isize=512    agcount=4, agsize=655104 blks
         =                       sectsz=512   attr=2, projid32bit=1
         =                       crc=1        finobt=0, sparse=0
data     =                       bsize=4096   blocks=2620416, imaxpct=25
         =                       sunit=0      swidth=0 blks
naming   =version 2              bsize=4096   ascii-ci=0 ftype=1
log      =internal log           bsize=4096   blocks=2560, version=2
         =                       sectsz=512   sunit=0 blks, lazy-count=1
realtime =none                   extsz=4096   blocks=0, rtextents=0
[root@lvm ~]# mount /dev/vg_root/lv_root /mnt
[root@lvm ~]# for i in /proc/ /sys/ /dev/ /run/ /boot/; do mount --bind $i /mnt/$i; done
mount: mount point /mnt//proc/ does not exist
mount: mount point /mnt//sys/ does not exist
mount: mount point /mnt//dev/ does not exist
mount: mount point /mnt//run/ does not exist
mount: mount point /mnt//boot/ does not exist
[root@lvm ~]# xfsdump -J - /dev/VolGroup00/LogVol00 | xfsrestore -J - /mnt
xfsrestore: using file dump (drive_simple) strategy
xfsrestore: version 3.1.7 (dump format 3.0)
xfsdump: using file dump (drive_simple) strategy
xfsdump: version 3.1.7 (dump format 3.0)
xfsdump: level 0 dump of lvm:/
xfsdump: dump date: Fri Feb 11 17:29:54 2022
xfsdump: session id: 3bf73cc1-5a6b-4763-af41-015de21c0fa2
xfsdump: session label: ""
xfsrestore: searching media for dump
xfsdump: ino map phase 1: constructing initial dump list
xfsdump: ino map phase 2: skipping (no pruning necessary)
xfsdump: ino map phase 3: skipping (only one dump stream)
xfsdump: ino map construction complete
xfsdump: estimated dump size: 806960448 bytes
xfsdump: creating dump session media file 0 (media 0, file 0)
xfsdump: dumping ino map
xfsdump: dumping directories
xfsrestore: examining media file 0
xfsrestore: dump description:
xfsrestore: hostname: lvm
xfsrestore: mount point: /
xfsrestore: volume: /dev/mapper/VolGroup00-LogVol00
xfsrestore: session time: Fri Feb 11 17:29:54 2022
xfsrestore: level: 0
xfsrestore: session label: ""
xfsrestore: media label: ""
xfsrestore: file system id: b60e9498-0baa-4d9f-90aa-069048217fee
xfsrestore: session id: 3bf73cc1-5a6b-4763-af41-015de21c0fa2
xfsrestore: media id: 1210ccc1-270a-450b-818f-645e8d859e0b
xfsrestore: searching media for directory dump
xfsrestore: reading directories
xfsdump: dumping non-directory files
xfsrestore: 2698 directories and 23613 entries processed
xfsrestore: directory post-processing
xfsrestore: restoring non-directory files
xfsdump: ending media file
xfsdump: media file size 783961408 bytes
xfsdump: dump size (non-dir files) : 770802800 bytes
xfsdump: dump complete: 14 seconds elapsed
xfsdump: Dump Status: SUCCESS
xfsrestore: restore complete: 14 seconds elapsed
xfsrestore: Restore Status: SUCCESS
[root@lvm ~]# ls -la /mnt
total 12
drwxr-xr-x. 18 root    root     239 Feb 11 17:30 .
dr-xr-xr-x. 18 root    root     239 Feb 11 17:24 ..
lrwxrwxrwx.  1 root    root       7 Feb 11 17:29 bin -> usr/bin
drwxr-xr-x.  2 root    root       6 May 12  2018 boot
drwxr-xr-x.  2 root    root       6 May 12  2018 dev
drwxr-xr-x. 79 root    root    8192 Feb 11 17:25 etc
drwxr-xr-x.  3 root    root      21 May 12  2018 home
lrwxrwxrwx.  1 root    root       7 Feb 11 17:29 lib -> usr/lib
lrwxrwxrwx.  1 root    root       9 Feb 11 17:29 lib64 -> usr/lib64
drwxr-xr-x.  2 root    root       6 Apr 11  2018 media
drwxr-xr-x.  2 root    root       6 Apr 11  2018 mnt
drwxr-xr-x.  2 root    root       6 Apr 11  2018 opt
drwxr-xr-x.  2 root    root       6 May 12  2018 proc
dr-xr-x---.  3 root    root     149 Feb 11 17:25 root
drwxr-xr-x.  2 root    root       6 May 12  2018 run
lrwxrwxrwx.  1 root    root       8 Feb 11 17:29 sbin -> usr/sbin
drwxr-xr-x.  2 root    root       6 Apr 11  2018 srv
drwxr-xr-x.  2 root    root       6 May 12  2018 sys
drwxrwxrwt.  8 root    root     256 Feb 11 17:25 tmp
drwxr-xr-x. 13 root    root     155 May 12  2018 usr
drwxr-xr-x.  2 vagrant vagrant   56 Feb 11 16:29 vagrant
drwxr-xr-x. 18 root    root     254 Feb 11 17:24 var
[root@lvm ~]# for i in /proc/ /sys/ /dev/ /run/ /boot/; do mount --bind $i /mnt/$i; done
[root@lvm ~]# chroot /mnt/
[root@lvm /]# grub2-mkconfig -o /boot/grub2/grub.cfg
Generating grub configuration file ...
Found linux image: /boot/vmlinuz-3.10.0-862.2.3.el7.x86_64
Found initrd image: /boot/initramfs-3.10.0-862.2.3.el7.x86_64.img
done
[root@lvm /]# cd /boot ; for i in `ls initramfs-*img`; do dracut -v $i `echo $i|sed "s/initramfs-//g;s/.img//g"` --force; done
Executing: /sbin/dracut -v initramfs-3.10.0-862.2.3.el7.x86_64.img 3.10.0-862.2.3.el7.x86_64 --force
dracut module 'busybox' will not be installed, because command 'busybox' could not be found!
dracut module 'crypt' will not be installed, because command 'cryptsetup' could not be found!
dracut module 'dmraid' will not be installed, because command 'dmraid' could not be found!
dracut module 'dmsquash-live-ntfs' will not be installed, because command 'ntfs-3g' could not be found!
dracut module 'multipath' will not be installed, because command 'multipath' could not be found!
dracut module 'busybox' will not be installed, because command 'busybox' could not be found!
dracut module 'crypt' will not be installed, because command 'cryptsetup' could not be found!
dracut module 'dmraid' will not be installed, because command 'dmraid' could not be found!
dracut module 'dmsquash-live-ntfs' will not be installed, because command 'ntfs-3g' could not be found!
dracut module 'multipath' will not be installed, because command 'multipath' could not be found!
*** Including module: bash ***
*** Including module: nss-softokn ***
*** Including module: i18n ***
*** Including module: drm ***
*** Including module: plymouth ***
*** Including module: dm ***
Skipping udev rule: 64-device-mapper.rules
Skipping udev rule: 60-persistent-storage-dm.rules
Skipping udev rule: 55-dm.rules
*** Including module: kernel-modules ***
Omitting driver floppy
*** Including module: lvm ***
Skipping udev rule: 64-device-mapper.rules
Skipping udev rule: 56-lvm.rules
Skipping udev rule: 60-persistent-storage-lvm.rules
*** Including module: qemu ***
*** Including module: resume ***
*** Including module: rootfs-block ***
*** Including module: terminfo ***
*** Including module: udev-rules ***
Skipping udev rule: 40-redhat-cpu-hotplug.rules
Skipping udev rule: 91-permissions.rules
*** Including module: biosdevname ***
*** Including module: systemd ***
*** Including module: usrmount ***
*** Including module: base ***
*** Including module: fs-lib ***
*** Including module: shutdown ***
*** Including modules done ***
*** Installing kernel module dependencies and firmware ***
*** Installing kernel module dependencies and firmware done ***
*** Resolving executable dependencies ***
*** Resolving executable dependencies done***
*** Hardlinking files ***
*** Hardlinking files done ***
*** Stripping files ***
*** Stripping files done ***
*** Generating early-microcode cpio image contents ***
*** No early-microcode cpio image needed ***
*** Store current command line parameters ***
*** Creating image file ***
*** Creating image file done ***
*** Creating initramfs image file '/boot/initramfs-3.10.0-862.2.3.el7.x86_64.img' done ***
[root@lvm boot]# sed -i 's+rd.lvm.lv=VolGroup00/LogVol00+rd.lvm.lv=vg_root/lv_root+g' ./grub2/grub.cfg
[root@lvm boot]# exit
exit
[root@lvm ~]# shutdown -r now
Connection to 127.0.0.1 closed by remote host.
Connection to 127.0.0.1 closed.
PS D:\TEMP\OTUS\my-hw3> vagrant ssh
Last login: Fri Feb 11 17:28:12 2022 from 10.0.2.2
[vagrant@lvm ~]$ sudo -i
[root@lvm ~]# lvremove -y /dev/VolGroup00/LogVol00
  Logical volume "LogVol00" successfully removed
[root@lvm ~]# lvcreate -y -n VolGroup00/LogVol00 -L 8G /dev/VolGroup00
  Wiping xfs signature on /dev/VolGroup00/LogVol00.
  Logical volume "LogVol00" created.
[root@lvm ~]# mkfs.xfs /dev/VolGroup00/LogVol00
meta-data=/dev/VolGroup00/LogVol00 isize=512    agcount=4, agsize=524288 blks
         =                       sectsz=512   attr=2, projid32bit=1
         =                       crc=1        finobt=0, sparse=0
data     =                       bsize=4096   blocks=2097152, imaxpct=25
         =                       sunit=0      swidth=0 blks
naming   =version 2              bsize=4096   ascii-ci=0 ftype=1
log      =internal log           bsize=4096   blocks=2560, version=2
         =                       sectsz=512   sunit=0 blks, lazy-count=1
realtime =none                   extsz=4096   blocks=0, rtextents=0
[root@lvm ~]# mount /dev/VolGroup00/LogVol00 /mnt
[root@lvm ~]# xfsdump -J - /dev/vg_root/lv_root | xfsrestore -J - /mnt
xfsrestore: using file dump (drive_simple) strategy
xfsrestore: version 3.1.7 (dump format 3.0)
xfsdump: using file dump (drive_simple) strategy
xfsdump: version 3.1.7 (dump format 3.0)
xfsdump: level 0 dump of lvm:/
xfsdump: dump date: Fri Feb 11 17:33:31 2022
xfsdump: session id: 00911b27-e164-47ab-8962-0193f0134da9
xfsdump: session label: ""
xfsrestore: searching media for dump
xfsdump: ino map phase 1: constructing initial dump list
xfsdump: ino map phase 2: skipping (no pruning necessary)
xfsdump: ino map phase 3: skipping (only one dump stream)
xfsdump: ino map construction complete
xfsdump: estimated dump size: 805688192 bytes
xfsdump: creating dump session media file 0 (media 0, file 0)
xfsdump: dumping ino map
xfsdump: dumping directories
xfsrestore: examining media file 0
xfsrestore: dump description:
xfsrestore: hostname: lvm
xfsrestore: mount point: /
xfsrestore: volume: /dev/mapper/vg_root-lv_root
xfsrestore: session time: Fri Feb 11 17:33:31 2022
xfsrestore: level: 0
xfsrestore: session label: ""
xfsrestore: media label: ""
xfsrestore: file system id: 058cff4a-e756-453a-8516-a308cc71a0af
xfsrestore: session id: 00911b27-e164-47ab-8962-0193f0134da9
xfsrestore: media id: ef1b104d-a9c2-4a1b-94ba-30622a0354fa
xfsrestore: searching media for directory dump
xfsrestore: reading directories
xfsdump: dumping non-directory files
xfsrestore: 2702 directories and 23618 entries processed
xfsrestore: directory post-processing
xfsrestore: restoring non-directory files
xfsdump: ending media file
xfsdump: media file size 782574832 bytes
xfsdump: dump size (non-dir files) : 769412536 bytes
xfsdump: dump complete: 17 seconds elapsed
xfsdump: Dump Status: SUCCESS
xfsrestore: restore complete: 17 seconds elapsed
xfsrestore: Restore Status: SUCCESS
[root@lvm ~]# for i in /proc/ /sys/ /dev/ /run/ /boot/; do mount --bind $i /mnt/$i; done
[root@lvm ~]# chroot /mnt/
[root@lvm /]# grub2-mkconfig -o /boot/grub2/grub.cfg
Generating grub configuration file ...
Found linux image: /boot/vmlinuz-3.10.0-862.2.3.el7.x86_64
Found initrd image: /boot/initramfs-3.10.0-862.2.3.el7.x86_64.img
done
[root@lvm /]# cd /boot ; for i in `ls initramfs-*img`; do dracut -v $i `echo $i|sed "s/initramfs-//g;s/.img//g"` --force; done
Executing: /sbin/dracut -v initramfs-3.10.0-862.2.3.el7.x86_64.img 3.10.0-862.2.3.el7.x86_64 --force
dracut module 'busybox' will not be installed, because command 'busybox' could not be found!
dracut module 'crypt' will not be installed, because command 'cryptsetup' could not be found!
dracut module 'dmraid' will not be installed, because command 'dmraid' could not be found!
dracut module 'dmsquash-live-ntfs' will not be installed, because command 'ntfs-3g' could not be found!
dracut module 'multipath' will not be installed, because command 'multipath' could not be found!
dracut module 'busybox' will not be installed, because command 'busybox' could not be found!
dracut module 'crypt' will not be installed, because command 'cryptsetup' could not be found!
dracut module 'dmraid' will not be installed, because command 'dmraid' could not be found!
dracut module 'dmsquash-live-ntfs' will not be installed, because command 'ntfs-3g' could not be found!
dracut module 'multipath' will not be installed, because command 'multipath' could not be found!
*** Including module: bash ***
*** Including module: nss-softokn ***
*** Including module: i18n ***
*** Including module: drm ***
*** Including module: plymouth ***
*** Including module: dm ***
Skipping udev rule: 64-device-mapper.rules
Skipping udev rule: 60-persistent-storage-dm.rules
Skipping udev rule: 55-dm.rules
*** Including module: kernel-modules ***
Omitting driver floppy
*** Including module: lvm ***
Skipping udev rule: 64-device-mapper.rules
Skipping udev rule: 56-lvm.rules
Skipping udev rule: 60-persistent-storage-lvm.rules
*** Including module: qemu ***
*** Including module: resume ***
*** Including module: rootfs-block ***
*** Including module: terminfo ***
*** Including module: udev-rules ***
Skipping udev rule: 40-redhat-cpu-hotplug.rules
Skipping udev rule: 91-permissions.rules
*** Including module: biosdevname ***
*** Including module: systemd ***
*** Including module: usrmount ***
*** Including module: base ***
*** Including module: fs-lib ***
*** Including module: shutdown ***
*** Including modules done ***
*** Installing kernel module dependencies and firmware ***
*** Installing kernel module dependencies and firmware done ***
*** Resolving executable dependencies ***
*** Resolving executable dependencies done***
*** Hardlinking files ***
*** Hardlinking files done ***
*** Stripping files ***
*** Stripping files done ***
*** Generating early-microcode cpio image contents ***
*** No early-microcode cpio image needed ***
*** Store current command line parameters ***
*** Creating image file ***
*** Creating image file done ***
*** Creating initramfs image file '/boot/initramfs-3.10.0-862.2.3.el7.x86_64.img' done ***
[root@lvm boot]# pvcreate /dev/sdc /dev/sdd
  Physical volume "/dev/sdc" successfully created.
  Physical volume "/dev/sdd" successfully created.
[root@lvm boot]# vgcreate vg_var /dev/sdc /dev/sdd
  Volume group "vg_var" successfully created
[root@lvm boot]# lvcreate -y -L 950M -m1 -n lv_var vg_var
  Rounding up size to full physical extent 952.00 MiB
  Logical volume "lv_var" created.
[root@lvm boot]# mkfs.ext4 /dev/vg_var/lv_var
mke2fs 1.42.9 (28-Dec-2013)
Filesystem label=
OS type: Linux
Block size=4096 (log=2)
Fragment size=4096 (log=2)
Stride=0 blocks, Stripe width=0 blocks
60928 inodes, 243712 blocks
12185 blocks (5.00%) reserved for the super user
First data block=0
Maximum filesystem blocks=249561088
8 block groups
32768 blocks per group, 32768 fragments per group
7616 inodes per group
Superblock backups stored on blocks:
        32768, 98304, 163840, 229376

Allocating group tables: done
Writing inode tables: done
Creating journal (4096 blocks): done
Writing superblocks and filesystem accounting information: done

[root@lvm boot]# mount /dev/vg_var/lv_var /mnt
[root@lvm boot]# cp -aR /var/* /mnt/
[root@lvm boot]# mkdir /tmp/oldvar
[root@lvm boot]# mv /var/* /tmp/oldvar
[root@lvm boot]# umount /mnt
[root@lvm boot]# mount /dev/vg_var/lv_var /var
[root@lvm boot]# echo "`blkid | grep var: | awk '{print $2}'` /var ext4 defaults 0 0" >> /etc/fstab
[root@lvm boot]# exit
exit
[root@lvm ~]# shutdown -r now
Connection to 127.0.0.1 closed by remote host.
Connection to 127.0.0.1 closed.
PS D:\TEMP\OTUS\my-hw3> vagrant ssh
Last login: Fri Feb 11 17:33:03 2022 from 10.0.2.2
[vagrant@lvm ~]$ sudo -i
[root@lvm ~]# lsblk
NAME                     MAJ:MIN RM  SIZE RO TYPE MOUNTPOINT
sda                        8:0    0   40G  0 disk
├─sda1                     8:1    0    1M  0 part
├─sda2                     8:2    0    1G  0 part /boot
└─sda3                     8:3    0   39G  0 part
  ├─VolGroup00-LogVol00  253:0    0    8G  0 lvm  /
  └─VolGroup00-LogVol01  253:1    0  1.5G  0 lvm  [SWAP]
sdb                        8:16   0   10G  0 disk
└─vg_root-lv_root        253:2    0   10G  0 lvm
sdc                        8:32   0    2G  0 disk
├─vg_var-lv_var_rmeta_0  253:3    0    4M  0 lvm
│ └─vg_var-lv_var        253:7    0  952M  0 lvm  /var
└─vg_var-lv_var_rimage_0 253:4    0  952M  0 lvm
  └─vg_var-lv_var        253:7    0  952M  0 lvm  /var
sdd                        8:48   0    1G  0 disk
├─vg_var-lv_var_rmeta_1  253:5    0    4M  0 lvm
│ └─vg_var-lv_var        253:7    0  952M  0 lvm  /var
└─vg_var-lv_var_rimage_1 253:6    0  952M  0 lvm
  └─vg_var-lv_var        253:7    0  952M  0 lvm  /var
sde                        8:64   0    1G  0 disk
[root@lvm ~]# lvremove -y /dev/vg_root/lv_root
  Logical volume "lv_root" successfully removed
[root@lvm ~]# vgremove /dev/vg_root
  Volume group "vg_root" successfully removed
[root@lvm ~]# pvremove /dev/sdb
  Labels on physical volume "/dev/sdb" successfully wiped.
[root@lvm ~]# lvcreate -n LogVol_Home -L 2G /dev/VolGroup00
  Logical volume "LogVol_Home" created.
[root@lvm ~]# mkfs.xfs /dev/VolGroup00/LogVol_Home
meta-data=/dev/VolGroup00/LogVol_Home isize=512    agcount=4, agsize=131072 blks
         =                       sectsz=512   attr=2, projid32bit=1
         =                       crc=1        finobt=0, sparse=0
data     =                       bsize=4096   blocks=524288, imaxpct=25
         =                       sunit=0      swidth=0 blks
naming   =version 2              bsize=4096   ascii-ci=0 ftype=1
log      =internal log           bsize=4096   blocks=2560, version=2
         =                       sectsz=512   sunit=0 blks, lazy-count=1
realtime =none                   extsz=4096   blocks=0, rtextents=0
[root@lvm ~]# mount /dev/VolGroup00/LogVol_Home /mnt/
[root@lvm ~]# cp -aR /home/* /mnt/
[root@lvm ~]# rm -rf /home/*
[root@lvm ~]# umount /mnt
[root@lvm ~]# mount /dev/VolGroup00/LogVol_Home /home/
[root@lvm ~]# echo "`blkid | grep Home | awk '{print $2}'` /home xfs defaults 0 0" >> /etc/fstab
[root@lvm ~]# touch /home/file{1..20}
[root@lvm ~]# ls -la /home
total 0
drwxr-xr-x.  3 root    root    292 Feb 11 17:41 .
drwxr-xr-x. 18 root    root    239 Feb 11 17:33 ..
-rw-r--r--.  1 root    root      0 Feb 11 17:41 file1
-rw-r--r--.  1 root    root      0 Feb 11 17:41 file10
-rw-r--r--.  1 root    root      0 Feb 11 17:41 file11
-rw-r--r--.  1 root    root      0 Feb 11 17:41 file12
-rw-r--r--.  1 root    root      0 Feb 11 17:41 file13
-rw-r--r--.  1 root    root      0 Feb 11 17:41 file14
-rw-r--r--.  1 root    root      0 Feb 11 17:41 file15
-rw-r--r--.  1 root    root      0 Feb 11 17:41 file16
-rw-r--r--.  1 root    root      0 Feb 11 17:41 file17
-rw-r--r--.  1 root    root      0 Feb 11 17:41 file18
-rw-r--r--.  1 root    root      0 Feb 11 17:41 file19
-rw-r--r--.  1 root    root      0 Feb 11 17:41 file2
-rw-r--r--.  1 root    root      0 Feb 11 17:41 file20
-rw-r--r--.  1 root    root      0 Feb 11 17:41 file3
-rw-r--r--.  1 root    root      0 Feb 11 17:41 file4
-rw-r--r--.  1 root    root      0 Feb 11 17:41 file5
-rw-r--r--.  1 root    root      0 Feb 11 17:41 file6
-rw-r--r--.  1 root    root      0 Feb 11 17:41 file7
-rw-r--r--.  1 root    root      0 Feb 11 17:41 file8
-rw-r--r--.  1 root    root      0 Feb 11 17:41 file9
drwx------.  3 vagrant vagrant  74 May 12  2018 vagrant
[root@lvm ~]# lvcreate -L 100MB -s -n home_snap /dev/VolGroup00/LogVol_Home
  Rounding up size to full physical extent 128.00 MiB
  Logical volume "home_snap" created.
[root@lvm ~]# lsblk
NAME                            MAJ:MIN RM  SIZE RO TYPE MOUNTPOINT
sda                               8:0    0   40G  0 disk
├─sda1                            8:1    0    1M  0 part
├─sda2                            8:2    0    1G  0 part /boot
└─sda3                            8:3    0   39G  0 part
  ├─VolGroup00-LogVol00         253:0    0    8G  0 lvm  /
  ├─VolGroup00-LogVol01         253:1    0  1.5G  0 lvm  [SWAP]
  ├─VolGroup00-LogVol_Home-real 253:8    0    2G  0 lvm
  │ ├─VolGroup00-LogVol_Home    253:2    0    2G  0 lvm  /home
  │ └─VolGroup00-home_snap      253:10   0    2G  0 lvm
  └─VolGroup00-home_snap-cow    253:9    0  128M  0 lvm
    └─VolGroup00-home_snap      253:10   0    2G  0 lvm
sdb                               8:16   0   10G  0 disk
sdc                               8:32   0    2G  0 disk
├─vg_var-lv_var_rmeta_0         253:3    0    4M  0 lvm
│ └─vg_var-lv_var               253:7    0  952M  0 lvm  /var
└─vg_var-lv_var_rimage_0        253:4    0  952M  0 lvm
  └─vg_var-lv_var               253:7    0  952M  0 lvm  /var
sdd                               8:48   0    1G  0 disk
├─vg_var-lv_var_rmeta_1         253:5    0    4M  0 lvm
│ └─vg_var-lv_var               253:7    0  952M  0 lvm  /var
└─vg_var-lv_var_rimage_1        253:6    0  952M  0 lvm
  └─vg_var-lv_var               253:7    0  952M  0 lvm  /var
sde                               8:64   0    1G  0 disk
[root@lvm ~]# touch /home/snap-file{1..20}
[root@lvm ~]# rm -f /home/file{11..20}
[root@lvm ~]# ls -la /home
total 4
drwxr-xr-x.  3 root    root    4096 Feb 11 17:42 .
drwxr-xr-x. 18 root    root     239 Feb 11 17:33 ..
-rw-r--r--.  1 root    root       0 Feb 11 17:41 file1
-rw-r--r--.  1 root    root       0 Feb 11 17:41 file10
-rw-r--r--.  1 root    root       0 Feb 11 17:41 file2
-rw-r--r--.  1 root    root       0 Feb 11 17:41 file3
-rw-r--r--.  1 root    root       0 Feb 11 17:41 file4
-rw-r--r--.  1 root    root       0 Feb 11 17:41 file5
-rw-r--r--.  1 root    root       0 Feb 11 17:41 file6
-rw-r--r--.  1 root    root       0 Feb 11 17:41 file7
-rw-r--r--.  1 root    root       0 Feb 11 17:41 file8
-rw-r--r--.  1 root    root       0 Feb 11 17:41 file9
-rw-r--r--.  1 root    root       0 Feb 11 17:42 snap-file1
-rw-r--r--.  1 root    root       0 Feb 11 17:42 snap-file10
-rw-r--r--.  1 root    root       0 Feb 11 17:42 snap-file11
-rw-r--r--.  1 root    root       0 Feb 11 17:42 snap-file12
-rw-r--r--.  1 root    root       0 Feb 11 17:42 snap-file13
-rw-r--r--.  1 root    root       0 Feb 11 17:42 snap-file14
-rw-r--r--.  1 root    root       0 Feb 11 17:42 snap-file15
-rw-r--r--.  1 root    root       0 Feb 11 17:42 snap-file16
-rw-r--r--.  1 root    root       0 Feb 11 17:42 snap-file17
-rw-r--r--.  1 root    root       0 Feb 11 17:42 snap-file18
-rw-r--r--.  1 root    root       0 Feb 11 17:42 snap-file19
-rw-r--r--.  1 root    root       0 Feb 11 17:42 snap-file2
-rw-r--r--.  1 root    root       0 Feb 11 17:42 snap-file20
-rw-r--r--.  1 root    root       0 Feb 11 17:42 snap-file3
-rw-r--r--.  1 root    root       0 Feb 11 17:42 snap-file4
-rw-r--r--.  1 root    root       0 Feb 11 17:42 snap-file5
-rw-r--r--.  1 root    root       0 Feb 11 17:42 snap-file6
-rw-r--r--.  1 root    root       0 Feb 11 17:42 snap-file7
-rw-r--r--.  1 root    root       0 Feb 11 17:42 snap-file8
-rw-r--r--.  1 root    root       0 Feb 11 17:42 snap-file9
drwx------.  3 vagrant vagrant   74 May 12  2018 vagrant
[root@lvm ~]# umount /home
[root@lvm ~]# lvconvert --merge /dev/VolGroup00/home_snap
  Merging of volume VolGroup00/home_snap started.
  VolGroup00/LogVol_Home: Merged: 100.00%
[root@lvm ~]# mount /home
[root@lvm ~]# ls -la /home
total 0
drwxr-xr-x.  3 root    root    292 Feb 11 17:41 .
drwxr-xr-x. 18 root    root    239 Feb 11 17:33 ..
-rw-r--r--.  1 root    root      0 Feb 11 17:41 file1
-rw-r--r--.  1 root    root      0 Feb 11 17:41 file10
-rw-r--r--.  1 root    root      0 Feb 11 17:41 file11
-rw-r--r--.  1 root    root      0 Feb 11 17:41 file12
-rw-r--r--.  1 root    root      0 Feb 11 17:41 file13
-rw-r--r--.  1 root    root      0 Feb 11 17:41 file14
-rw-r--r--.  1 root    root      0 Feb 11 17:41 file15
-rw-r--r--.  1 root    root      0 Feb 11 17:41 file16
-rw-r--r--.  1 root    root      0 Feb 11 17:41 file17
-rw-r--r--.  1 root    root      0 Feb 11 17:41 file18
-rw-r--r--.  1 root    root      0 Feb 11 17:41 file19
-rw-r--r--.  1 root    root      0 Feb 11 17:41 file2
-rw-r--r--.  1 root    root      0 Feb 11 17:41 file20
-rw-r--r--.  1 root    root      0 Feb 11 17:41 file3
-rw-r--r--.  1 root    root      0 Feb 11 17:41 file4
-rw-r--r--.  1 root    root      0 Feb 11 17:41 file5
-rw-r--r--.  1 root    root      0 Feb 11 17:41 file6
-rw-r--r--.  1 root    root      0 Feb 11 17:41 file7
-rw-r--r--.  1 root    root      0 Feb 11 17:41 file8
-rw-r--r--.  1 root    root      0 Feb 11 17:41 file9
drwx------.  3 vagrant vagrant  74 May 12  2018 vagrant
[root@lvm ~]# lvremove /dev/VolGroup00/home_snap
  Failed to find logical volume "VolGroup00/home_snap"
[root@lvm ~]# lsblk
NAME                       MAJ:MIN RM  SIZE RO TYPE MOUNTPOINT
sda                          8:0    0   40G  0 disk
├─sda1                       8:1    0    1M  0 part
├─sda2                       8:2    0    1G  0 part /boot
└─sda3                       8:3    0   39G  0 part
  ├─VolGroup00-LogVol00    253:0    0    8G  0 lvm  /
  ├─VolGroup00-LogVol01    253:1    0  1.5G  0 lvm  [SWAP]
  └─VolGroup00-LogVol_Home 253:2    0    2G  0 lvm  /home
sdb                          8:16   0   10G  0 disk
sdc                          8:32   0    2G  0 disk
├─vg_var-lv_var_rmeta_0    253:3    0    4M  0 lvm
│ └─vg_var-lv_var          253:7    0  952M  0 lvm  /var
└─vg_var-lv_var_rimage_0   253:4    0  952M  0 lvm
  └─vg_var-lv_var          253:7    0  952M  0 lvm  /var
sdd                          8:48   0    1G  0 disk
├─vg_var-lv_var_rmeta_1    253:5    0    4M  0 lvm
│ └─vg_var-lv_var          253:7    0  952M  0 lvm  /var
└─vg_var-lv_var_rimage_1   253:6    0  952M  0 lvm
  └─vg_var-lv_var          253:7    0  952M  0 lvm  /var
sde                          8:64   0    1G  0 disk
[root@lvm ~]#
[root@lvm ~]#
[root@lvm ~]# exit
logout
[vagrant@lvm ~]$ shutdown now